// Vitest Snapshot v1, https://vitest.dev/guide/snapshot.html

exports[`App > render 1`] = `
<div>
  <div
    id="app"
  >
    <form>
      <p
        class="field"
      >
        <input
          data-testid="coffee"
          id="id_coffee"
          name="coffee"
          type="checkbox"
        />
        <label
          for="id_coffee"
        >
          Coffee
        </label>
      </p>
      <p
        class="field"
      >
        <input
          data-testid="tea"
          id="id_tea"
          name="tea"
          type="checkbox"
        />
        <label
          for="id_tea"
        >
          Tea
        </label>
      </p>
      <hr />
      <p
        class="field"
      >
        <input
          data-testid="pizza"
          id="id_pizza"
          name="bake"
          type="radio"
          value="pizza"
        />
        <label
          for="id_pizza"
        >
          Pizza
        </label>
      </p>
      <p
        class="field"
      >
        <input
          data-testid="burger"
          id="id_burger"
          name="bake"
          type="radio"
          value="burger"
        />
        <label
          for="id_burger"
        >
          Burger
        </label>
      </p>
      <p
        class="field"
      >
        <input
          data-testid="cookie"
          id="id_cookie"
          name="bake"
          type="radio"
          value="cookie"
        />
        <label
          for="id_cookie"
        >
          Cookie
        </label>
      </p>
    </form>
    <p />
  </div>
</div>
`;
